<?xml version="1.0" encoding="UTF-8"?>
<testsuites>
  <testsuite name="Luhn Algorithm tests" tests="33" assertions="37" errors="0" failures="0" skipped="0" time="0.067044">
    <testsuite name="Nekman\LuhnAlgorithm\Test\LuhmAlgorithmFactoryTest" file="C:\Users\Niklas Ekman\MyStuff\workspaces\luhn-algorithm\tests\LuhnAlgorithmFactoryTest.php" tests="1" assertions="1" errors="0" failures="0" skipped="0" time="0.008547">
      <testcase name="testCreate" class="Nekman\LuhnAlgorithm\Test\LuhmAlgorithmFactoryTest" classname="Nekman.LuhnAlgorithm.Test.LuhmAlgorithmFactoryTest" file="C:\Users\Niklas Ekman\MyStuff\workspaces\luhn-algorithm\tests\LuhnAlgorithmFactoryTest.php" line="34" assertions="1" time="0.008547"/>
    </testsuite>
    <testsuite name="Nekman\LuhnAlgorithm\Test\LuhnAlgorithmTest" file="C:\Users\Niklas Ekman\MyStuff\workspaces\luhn-algorithm\tests\LuhnAlgorithmTest.php" tests="15" assertions="15" errors="0" failures="0" skipped="0" time="0.023617">
      <testsuite name="Nekman\LuhnAlgorithm\Test\LuhnAlgorithmTest::testIsValid_success" tests="6" assertions="6" errors="0" failures="0" skipped="0" time="0.008399">
        <testcase name="testIsValid_success with data set &quot;Valid number&quot;" class="Nekman\LuhnAlgorithm\Test\LuhnAlgorithmTest" classname="Nekman.LuhnAlgorithm.Test.LuhnAlgorithmTest" file="C:\Users\Niklas Ekman\MyStuff\workspaces\luhn-algorithm\tests\LuhnAlgorithmTest.php" line="45" assertions="1" time="0.001802"/>
        <testcase name="testIsValid_success with data set &quot;Zero&quot;" class="Nekman\LuhnAlgorithm\Test\LuhnAlgorithmTest" classname="Nekman.LuhnAlgorithm.Test.LuhnAlgorithmTest" file="C:\Users\Niklas Ekman\MyStuff\workspaces\luhn-algorithm\tests\LuhnAlgorithmTest.php" line="45" assertions="1" time="0.001192"/>
        <testcase name="testIsValid_success with data set &quot;Larger than INT_MAX&quot;" class="Nekman\LuhnAlgorithm\Test\LuhnAlgorithmTest" classname="Nekman.LuhnAlgorithm.Test.LuhnAlgorithmTest" file="C:\Users\Niklas Ekman\MyStuff\workspaces\luhn-algorithm\tests\LuhnAlgorithmTest.php" line="45" assertions="1" time="0.001442"/>
        <testcase name="testIsValid_success with data set &quot;Invalid number&quot;" class="Nekman\LuhnAlgorithm\Test\LuhnAlgorithmTest" classname="Nekman.LuhnAlgorithm.Test.LuhnAlgorithmTest" file="C:\Users\Niklas Ekman\MyStuff\workspaces\luhn-algorithm\tests\LuhnAlgorithmTest.php" line="45" assertions="1" time="0.001337"/>
        <testcase name="testIsValid_success with data set &quot;Swedish company organization ID&quot;" class="Nekman\LuhnAlgorithm\Test\LuhnAlgorithmTest" classname="Nekman.LuhnAlgorithm.Test.LuhnAlgorithmTest" file="C:\Users\Niklas Ekman\MyStuff\workspaces\luhn-algorithm\tests\LuhnAlgorithmTest.php" line="45" assertions="1" time="0.001295"/>
        <testcase name="testIsValid_success with data set &quot;Swedish organization number&quot;" class="Nekman\LuhnAlgorithm\Test\LuhnAlgorithmTest" classname="Nekman.LuhnAlgorithm.Test.LuhnAlgorithmTest" file="C:\Users\Niklas Ekman\MyStuff\workspaces\luhn-algorithm\tests\LuhnAlgorithmTest.php" line="45" assertions="1" time="0.001331"/>
      </testsuite>
      <testsuite name="Nekman\LuhnAlgorithm\Test\LuhnAlgorithmTest::testIsValid_failure" tests="3" assertions="3" errors="0" failures="0" skipped="0" time="0.006555">
        <testcase name="testIsValid_failure with data set &quot;Invalid argument&quot;" class="Nekman\LuhnAlgorithm\Test\LuhnAlgorithmTest" classname="Nekman.LuhnAlgorithm.Test.LuhnAlgorithmTest" file="C:\Users\Niklas Ekman\MyStuff\workspaces\luhn-algorithm\tests\LuhnAlgorithmTest.php" line="65" assertions="1" time="0.003742"/>
        <testcase name="testIsValid_failure with data set &quot;Should be MissingCheckDigitException&quot;" class="Nekman\LuhnAlgorithm\Test\LuhnAlgorithmTest" classname="Nekman.LuhnAlgorithm.Test.LuhnAlgorithmTest" file="C:\Users\Niklas Ekman\MyStuff\workspaces\luhn-algorithm\tests\LuhnAlgorithmTest.php" line="65" assertions="1" time="0.001558"/>
        <testcase name="testIsValid_failure with data set &quot;Should be LuhnAlgorithmExceptionInterface&quot;" class="Nekman\LuhnAlgorithm\Test\LuhnAlgorithmTest" classname="Nekman.LuhnAlgorithm.Test.LuhnAlgorithmTest" file="C:\Users\Niklas Ekman\MyStuff\workspaces\luhn-algorithm\tests\LuhnAlgorithmTest.php" line="65" assertions="1" time="0.001255"/>
      </testsuite>
      <testsuite name="Nekman\LuhnAlgorithm\Test\LuhnAlgorithmTest::testCalcChecksum_success" tests="2" assertions="2" errors="0" failures="0" skipped="0" time="0.002735">
        <testcase name="testCalcChecksum_success with data set &quot;Valid checksum&quot;" class="Nekman\LuhnAlgorithm\Test\LuhnAlgorithmTest" classname="Nekman.LuhnAlgorithm.Test.LuhnAlgorithmTest" file="C:\Users\Niklas Ekman\MyStuff\workspaces\luhn-algorithm\tests\LuhnAlgorithmTest.php" line="83" assertions="1" time="0.001566"/>
        <testcase name="testCalcChecksum_success with data set &quot;Checksum mod 10 is 0&quot;" class="Nekman\LuhnAlgorithm\Test\LuhnAlgorithmTest" classname="Nekman.LuhnAlgorithm.Test.LuhnAlgorithmTest" file="C:\Users\Niklas Ekman\MyStuff\workspaces\luhn-algorithm\tests\LuhnAlgorithmTest.php" line="83" assertions="1" time="0.001169"/>
      </testsuite>
      <testsuite name="Nekman\LuhnAlgorithm\Test\LuhnAlgorithmTest::testCalcCheckDigit_success" tests="4" assertions="4" errors="0" failures="0" skipped="0" time="0.005928">
        <testcase name="testCalcCheckDigit_success with data set &quot;Valid number&quot;" class="Nekman\LuhnAlgorithm\Test\LuhnAlgorithmTest" classname="Nekman.LuhnAlgorithm.Test.LuhnAlgorithmTest" file="C:\Users\Niklas Ekman\MyStuff\workspaces\luhn-algorithm\tests\LuhnAlgorithmTest.php" line="99" assertions="1" time="0.001372"/>
        <testcase name="testCalcCheckDigit_success with data set &quot;Swedish company organization ID&quot;" class="Nekman\LuhnAlgorithm\Test\LuhnAlgorithmTest" classname="Nekman.LuhnAlgorithm.Test.LuhnAlgorithmTest" file="C:\Users\Niklas Ekman\MyStuff\workspaces\luhn-algorithm\tests\LuhnAlgorithmTest.php" line="99" assertions="1" time="0.001245"/>
        <testcase name="testCalcCheckDigit_success with data set &quot;Swedish organization number&quot;" class="Nekman\LuhnAlgorithm\Test\LuhnAlgorithmTest" classname="Nekman.LuhnAlgorithm.Test.LuhnAlgorithmTest" file="C:\Users\Niklas Ekman\MyStuff\workspaces\luhn-algorithm\tests\LuhnAlgorithmTest.php" line="99" assertions="1" time="0.002050"/>
        <testcase name="testCalcCheckDigit_success with data set &quot;Checksum mod 10 is 0&quot;" class="Nekman\LuhnAlgorithm\Test\LuhnAlgorithmTest" classname="Nekman.LuhnAlgorithm.Test.LuhnAlgorithmTest" file="C:\Users\Niklas Ekman\MyStuff\workspaces\luhn-algorithm\tests\LuhnAlgorithmTest.php" line="99" assertions="1" time="0.001261"/>
      </testsuite>
    </testsuite>
    <testsuite name="Nekman\LuhnAlgorithm\Test\NumberTest" file="C:\Users\Niklas Ekman\MyStuff\workspaces\luhn-algorithm\tests\NumberTest.php" tests="17" assertions="21" errors="0" failures="0" skipped="0" time="0.034879">
      <testsuite name="Nekman\LuhnAlgorithm\Test\NumberTest::testFromString_success" tests="5" assertions="5" errors="0" failures="0" skipped="0" time="0.017040">
        <testcase name="testFromString_success with data set &quot;String&quot;" class="Nekman\LuhnAlgorithm\Test\NumberTest" classname="Nekman.LuhnAlgorithm.Test.NumberTest" file="C:\Users\Niklas Ekman\MyStuff\workspaces\luhn-algorithm\tests\NumberTest.php" line="38" assertions="1" time="0.004046"/>
        <testcase name="testFromString_success with data set &quot;Integer&quot;" class="Nekman\LuhnAlgorithm\Test\NumberTest" classname="Nekman.LuhnAlgorithm.Test.NumberTest" file="C:\Users\Niklas Ekman\MyStuff\workspaces\luhn-algorithm\tests\NumberTest.php" line="38" assertions="1" time="0.002980"/>
        <testcase name="testFromString_success with data set &quot;Large number&quot;" class="Nekman\LuhnAlgorithm\Test\NumberTest" classname="Nekman.LuhnAlgorithm.Test.NumberTest" file="C:\Users\Niklas Ekman\MyStuff\workspaces\luhn-algorithm\tests\NumberTest.php" line="38" assertions="1" time="0.003203"/>
        <testcase name="testFromString_success with data set &quot;Character in string&quot;" class="Nekman\LuhnAlgorithm\Test\NumberTest" classname="Nekman.LuhnAlgorithm.Test.NumberTest" file="C:\Users\Niklas Ekman\MyStuff\workspaces\luhn-algorithm\tests\NumberTest.php" line="38" assertions="1" time="0.003557"/>
        <testcase name="testFromString_success with data set &quot;Larger than INT_MAX&quot;" class="Nekman\LuhnAlgorithm\Test\NumberTest" classname="Nekman.LuhnAlgorithm.Test.NumberTest" file="C:\Users\Niklas Ekman\MyStuff\workspaces\luhn-algorithm\tests\NumberTest.php" line="38" assertions="1" time="0.003254"/>
      </testsuite>
      <testsuite name="Nekman\LuhnAlgorithm\Test\NumberTest::testFromString_fail" tests="4" assertions="4" errors="0" failures="0" skipped="0" time="0.005963">
        <testcase name="testFromString_fail with data set &quot;Empty string&quot;" class="Nekman\LuhnAlgorithm\Test\NumberTest" classname="Nekman.LuhnAlgorithm.Test.NumberTest" file="C:\Users\Niklas Ekman\MyStuff\workspaces\luhn-algorithm\tests\NumberTest.php" line="57" assertions="1" time="0.002092"/>
        <testcase name="testFromString_fail with data set &quot;Invalid string&quot;" class="Nekman\LuhnAlgorithm\Test\NumberTest" classname="Nekman.LuhnAlgorithm.Test.NumberTest" file="C:\Users\Niklas Ekman\MyStuff\workspaces\luhn-algorithm\tests\NumberTest.php" line="57" assertions="1" time="0.001318"/>
        <testcase name="testFromString_fail with data set &quot;Should be ArgumentIsNotNullException&quot;" class="Nekman\LuhnAlgorithm\Test\NumberTest" classname="Nekman.LuhnAlgorithm.Test.NumberTest" file="C:\Users\Niklas Ekman\MyStuff\workspaces\luhn-algorithm\tests\NumberTest.php" line="57" assertions="1" time="0.001324"/>
        <testcase name="testFromString_fail with data set &quot;Should be LuhnAlgorithmExceptionInterface&quot;" class="Nekman\LuhnAlgorithm\Test\NumberTest" classname="Nekman.LuhnAlgorithm.Test.NumberTest" file="C:\Users\Niklas Ekman\MyStuff\workspaces\luhn-algorithm\tests\NumberTest.php" line="57" assertions="1" time="0.001229"/>
      </testsuite>
      <testsuite name="Nekman\LuhnAlgorithm\Test\NumberTest::testToString_success" tests="1" assertions="1" errors="0" failures="0" skipped="0" time="0.001344">
        <testcase name="testToString_success with data set &quot;Valid number&quot;" class="Nekman\LuhnAlgorithm\Test\NumberTest" classname="Nekman.LuhnAlgorithm.Test.NumberTest" file="C:\Users\Niklas Ekman\MyStuff\workspaces\luhn-algorithm\tests\NumberTest.php" line="76" assertions="1" time="0.001344"/>
      </testsuite>
      <testsuite name="Nekman\LuhnAlgorithm\Test\NumberTest::testNew_fail" tests="4" assertions="4" errors="0" failures="0" skipped="0" time="0.005247">
        <testcase name="testNew_fail with data set &quot;Invalid number&quot;" class="Nekman\LuhnAlgorithm\Test\NumberTest" classname="Nekman.LuhnAlgorithm.Test.NumberTest" file="C:\Users\Niklas Ekman\MyStuff\workspaces\luhn-algorithm\tests\NumberTest.php" line="91" assertions="1" time="0.001573"/>
        <testcase name="testNew_fail with data set &quot;Whitespace&quot;" class="Nekman\LuhnAlgorithm\Test\NumberTest" classname="Nekman.LuhnAlgorithm.Test.NumberTest" file="C:\Users\Niklas Ekman\MyStuff\workspaces\luhn-algorithm\tests\NumberTest.php" line="91" assertions="1" time="0.001238"/>
        <testcase name="testNew_fail with data set &quot;Should be ArgumentIsNotNullException&quot;" class="Nekman\LuhnAlgorithm\Test\NumberTest" classname="Nekman.LuhnAlgorithm.Test.NumberTest" file="C:\Users\Niklas Ekman\MyStuff\workspaces\luhn-algorithm\tests\NumberTest.php" line="91" assertions="1" time="0.001238"/>
        <testcase name="testNew_fail with data set &quot;Should be LuhnAlgorithmExceptionInterface&quot;" class="Nekman\LuhnAlgorithm\Test\NumberTest" classname="Nekman.LuhnAlgorithm.Test.NumberTest" file="C:\Users\Niklas Ekman\MyStuff\workspaces\luhn-algorithm\tests\NumberTest.php" line="91" assertions="1" time="0.001198"/>
      </testsuite>
      <testsuite name="Nekman\LuhnAlgorithm\Test\NumberTest::testProperties" tests="2" assertions="4" errors="0" failures="0" skipped="0" time="0.003155">
        <testcase name="testProperties with data set &quot;Valid number and check digit&quot;" class="Nekman\LuhnAlgorithm\Test\NumberTest" classname="Nekman.LuhnAlgorithm.Test.NumberTest" file="C:\Users\Niklas Ekman\MyStuff\workspaces\luhn-algorithm\tests\NumberTest.php" line="110" assertions="2" time="0.001549"/>
        <testcase name="testProperties with data set &quot;Valid number and check digit (null)&quot;" class="Nekman\LuhnAlgorithm\Test\NumberTest" classname="Nekman.LuhnAlgorithm.Test.NumberTest" file="C:\Users\Niklas Ekman\MyStuff\workspaces\luhn-algorithm\tests\NumberTest.php" line="110" assertions="2" time="0.001606"/>
      </testsuite>
      <testcase name="testSerialize" class="Nekman\LuhnAlgorithm\Test\NumberTest" classname="Nekman.LuhnAlgorithm.Test.NumberTest" file="C:\Users\Niklas Ekman\MyStuff\workspaces\luhn-algorithm\tests\NumberTest.php" line="125" assertions="3" time="0.002130"/>
    </testsuite>
  </testsuite>
</testsuites>
